[2026-09-04T06:07:00.614+00:00] ======================================================================
[2026-09-04T06:07:00.614+00:00] FAILURE INJECTION EXPERIMENT — scenario=recover
[2026-09-04T06:07:00.614+00:00] ======================================================================
[2026-09-04T06:07:00.614+00:00] background load generator started (filler jobs every 0.4s)
[2026-09-04T06:07:02.738+00:00] submitted tracked job 2d673e5b-8f67-445f-933b-dcc165b8d5c1 (scenario=recover, payload={'limit': 4000000})
[2026-09-04T06:07:02.738+00:00] waiting for a worker to claim the job (status -> processing)...
[2026-09-04T06:07:03.047+00:00] job claimed: status=processing worker=worker-3 (t=0.00s, reference point)
[2026-09-04T06:07:03.047+00:00] resolved worker-3 -> OS pid 8876
[2026-09-04T06:07:03.047+00:00] sleeping 3.0s to let real work start (mid-loop, before any output is written)...
[2026-09-04T06:07:06.048+00:00] *** KILLING worker-3 (pid 8876) NOW — taskkill /F, no graceful shutdown ***
[2026-09-04T06:07:06.250+00:00] kill signal sent at t=3.00s after claim
[2026-09-04T06:07:06.250+00:00] polling job_state_transitions for recovery (another worker's periodic XPENDING scan must notice the abandoned PEL entry and XCLAIM it)...
[2026-09-04T06:07:20.782+00:00] job reached terminal state: succeeded
[2026-09-04T06:07:20.783+00:00] background load generator stopped after submitting 43 filler jobs
[2026-09-04T06:07:20.788+00:00]   transition: queued -> processing  worker=worker-3  note=None
[2026-09-04T06:07:20.788+00:00]   transition: processing -> processing  worker=worker-2  note=reclaimed after presumed crash of previous worker (retry attempt 1)
[2026-09-04T06:07:20.788+00:00]   transition: processing -> processing  worker=worker-1  note=reclaimed after presumed crash of previous worker (retry attempt 2)
[2026-09-04T06:07:20.788+00:00]   transition: processing -> succeeded  worker=worker-2  note=side effect written
[2026-09-04T06:07:20.796+00:00] ======================================================================
[2026-09-04T06:07:20.796+00:00] RESULT: recovery took 14.73s from kill to terminal state
[2026-09-04T06:07:20.796+00:00] RESULT: final status = succeeded, attempts = 2
[2026-09-04T06:07:20.796+00:00] RESULT: side-effect write_count = 1
[2026-09-04T06:07:20.796+00:00] ======================================================================

Wrote C:\Users\lokes\OneDrive\Documents\SWEE\Distributed Job Processing\docs\failure_injection_recover.json
